> Task :compileJava UP-TO-DATE
> Task :processResources UP-TO-DATE
> Task :classes UP-TO-DATE
> Task :resolveMainClassName UP-TO-DATE

> Task :bootRun

  .   ____          _            __ _ _
 /\\ / ___'_ __ _ _(_)_ __  __ _ \ \ \ \
( ( )\___ | '_ | '_| | '_ \/ _` | \ \ \ \
 \\/  ___)| |_)| | | | | || (_| |  ) ) ) )
  '  |____| .__|_| |_|_| |_\__, | / / / /
 =========|_|==============|___/=/_/_/_/
 :: Spring Boot ::                (v3.2.0)

2025-10-11T15:26:33.358+09:00  INFO 12111 --- [life-cycle-backend] [           main] c.twothree.backend.BackendApplication    : Starting BackendApplication using Java 21.0.7 with PID 12111 (/Users/leentj/IdeaProjects/life-cycle/build/classes/java/main started by leentj in /Users/leentj/IdeaProjects/life-cycle)
2025-10-11T15:26:33.359+09:00 DEBUG 12111 --- [life-cycle-backend] [           main] c.twothree.backend.BackendApplication    : Running with Spring Boot v3.2.0, Spring v6.1.1
2025-10-11T15:26:33.360+09:00  INFO 12111 --- [life-cycle-backend] [           main] c.twothree.backend.BackendApplication    : No active profile set, falling back to 1 default profile: "default"
2025-10-11T15:26:33.706+09:00  INFO 12111 --- [life-cycle-backend] [           main] .s.d.r.c.RepositoryConfigurationDelegate : Bootstrapping Spring Data JPA repositories in DEFAULT mode.
2025-10-11T15:26:33.741+09:00  INFO 12111 --- [life-cycle-backend] [           main] .s.d.r.c.RepositoryConfigurationDelegate : Finished Spring Data repository scanning in 32 ms. Found 10 JPA repository interfaces.
2025-10-11T15:26:33.990+09:00  INFO 12111 --- [life-cycle-backend] [           main] o.s.b.w.embedded.tomcat.TomcatWebServer  : Tomcat initialized with port 8080 (http)
2025-10-11T15:26:33.995+09:00  INFO 12111 --- [life-cycle-backend] [           main] o.apache.catalina.core.StandardService   : Starting service [Tomcat]
2025-10-11T15:26:33.995+09:00  INFO 12111 --- [life-cycle-backend] [           main] o.apache.catalina.core.StandardEngine    : Starting Servlet engine: [Apache Tomcat/10.1.16]
2025-10-11T15:26:34.022+09:00  INFO 12111 --- [life-cycle-backend] [           main] o.a.c.c.C.[Tomcat].[localhost].[/]       : Initializing Spring embedded WebApplicationContext
2025-10-11T15:26:34.023+09:00  INFO 12111 --- [life-cycle-backend] [           main] w.s.c.ServletWebServerApplicationContext : Root WebApplicationContext: initialization completed in 645 ms
2025-10-11T15:26:34.093+09:00  INFO 12111 --- [life-cycle-backend] [           main] o.hibernate.jpa.internal.util.LogHelper  : HHH000204: Processing PersistenceUnitInfo [name: default]
2025-10-11T15:26:34.120+09:00  INFO 12111 --- [life-cycle-backend] [           main] org.hibernate.Version                    : HHH000412: Hibernate ORM core version 6.3.1.Final
2025-10-11T15:26:34.133+09:00  INFO 12111 --- [life-cycle-backend] [           main] o.h.c.internal.RegionFactoryInitiator    : HHH000026: Second-level cache disabled
2025-10-11T15:26:34.231+09:00  INFO 12111 --- [life-cycle-backend] [           main] o.s.o.j.p.SpringPersistenceUnitInfo      : No LoadTimeWeaver setup: ignoring JPA class transformer
2025-10-11T15:26:34.243+09:00  INFO 12111 --- [life-cycle-backend] [           main] com.zaxxer.hikari.HikariDataSource       : HikariPool-1 - Starting...
2025-10-11T15:26:34.868+09:00  INFO 12111 --- [life-cycle-backend] [           main] com.zaxxer.hikari.pool.HikariPool        : HikariPool-1 - Added connection org.postgresql.jdbc.PgConnection@5611bba
2025-10-11T15:26:34.871+09:00  INFO 12111 --- [life-cycle-backend] [           main] com.zaxxer.hikari.HikariDataSource       : HikariPool-1 - Start completed.
2025-10-11T15:26:34.971+09:00  WARN 12111 --- [life-cycle-backend] [           main] org.hibernate.orm.deprecation            : HHH90000025: PostgreSQLDialect does not need to be specified explicitly using 'hibernate.dialect' (remove the property setting and it will be selected by default)
2025-10-11T15:26:35.501+09:00  INFO 12111 --- [life-cycle-backend] [           main] o.h.e.t.j.p.i.JtaPlatformInitiator       : HHH000489: No JTA platform available (set 'hibernate.transaction.jta.platform' to enable JTA platform integration)
2025-10-11T15:26:35.670+09:00  INFO 12111 --- [life-cycle-backend] [           main] j.LocalContainerEntityManagerFactoryBean : Initialized JPA EntityManagerFactory for persistence unit 'default'
2025-10-11T15:26:36.288+09:00  INFO 12111 --- [life-cycle-backend] [           main] o.s.b.w.embedded.tomcat.TomcatWebServer  : Tomcat started on port 8080 (http) with context path ''
2025-10-11T15:26:36.293+09:00  INFO 12111 --- [life-cycle-backend] [           main] c.twothree.backend.BackendApplication    : Started BackendApplication in 3.106 seconds (process running for 3.259)
2025-10-11T15:27:03.259+09:00  INFO 12111 --- [life-cycle-backend] [0.1-8080-exec-1] o.a.c.c.C.[Tomcat].[localhost].[/]       : Initializing Spring DispatcherServlet 'dispatcherServlet'
2025-10-11T15:27:03.259+09:00  INFO 12111 --- [life-cycle-backend] [0.1-8080-exec-1] o.s.web.servlet.DispatcherServlet        : Initializing Servlet 'dispatcherServlet'
2025-10-11T15:27:03.260+09:00  INFO 12111 --- [life-cycle-backend] [0.1-8080-exec-1] o.s.web.servlet.DispatcherServlet        : Completed initialization in 1 ms
2025-10-11T15:27:03.680+09:00  INFO 12111 --- [life-cycle-backend] [0.1-8080-exec-1] o.springdoc.api.AbstractOpenApiResource  : Init duration for springdoc-openapi is: 394 ms
2025-10-11T15:28:24.008+09:00 DEBUG 12111 --- [life-cycle-backend] [0.1-8080-exec-3] org.hibernate.SQL                        : 
    insert 
    into
        department
        (church_id, created_at, created_by, description, is_active, name, updated_at, updated_by, department_id) 
    values
        (?, ?, ?, ?, ?, ?, ?, ?, ?)
Hibernate: 
    insert 
    into
        department
        (church_id, created_at, created_by, description, is_active, name, updated_at, updated_by, department_id) 
    values
        (?, ?, ?, ?, ?, ?, ?, ?, ?)
2025-10-11T15:28:44.145+09:00 DEBUG 12111 --- [life-cycle-backend] [0.1-8080-exec-4] org.hibernate.SQL                        : 
    insert 
    into
        lifecycle
        (church_id, created_at, created_by, description, is_active, name, updated_at, updated_by, lifecycle_id) 
    values
        (?, ?, ?, ?, ?, ?, ?, ?, ?)
Hibernate: 
    insert 
    into
        lifecycle
        (church_id, created_at, created_by, description, is_active, name, updated_at, updated_by, lifecycle_id) 
    values
        (?, ?, ?, ?, ?, ?, ?, ?, ?)
2025-10-11T15:34:14.707+09:00  WARN 12111 --- [life-cycle-backend] [l-1 housekeeper] com.zaxxer.hikari.pool.HikariPool        : HikariPool-1 - Thread starvation or clock leap detected (housekeeper delta=4m9s711ms).
2025-10-11T15:37:14.880+09:00  WARN 12111 --- [life-cycle-backend] [l-1 housekeeper] com.zaxxer.hikari.pool.HikariPool        : HikariPool-1 - Thread starvation or clock leap detected (housekeeper delta=2m156ms).
2025-10-11T15:51:19.105+09:00  WARN 12111 --- [life-cycle-backend] [l-1 housekeeper] com.zaxxer.hikari.pool.HikariPool        : HikariPool-1 - Thread starvation or clock leap detected (housekeeper delta=12m34s207ms).
2025-10-11T15:56:44.067+09:00  WARN 12111 --- [life-cycle-backend] [l-1 housekeeper] com.zaxxer.hikari.pool.HikariPool        : HikariPool-1 - Thread starvation or clock leap detected (housekeeper delta=3m54s945ms).
2025-10-11T16:09:30.144+09:00  WARN 12111 --- [life-cycle-backend] [l-1 housekeeper] com.zaxxer.hikari.pool.HikariPool        : HikariPool-1 - Thread starvation or clock leap detected (housekeeper delta=1m15s985ms).

> Task :bootRun FAILED

[Incubating] Problems report is available at: file:///Users/leentj/IdeaProjects/life-cycle/build/reports/problems/problems-report.html

FAILURE: Build failed with an exception.

* What went wrong:
Execution failed for task ':bootRun'.
> Process 'command '/Users/leentj/Library/Java/JavaVirtualMachines/corretto-21.0.7/Contents/Home/bin/java'' finished with non-zero exit value 137

* Try:
> Run with --stacktrace option to get the stack trace.
> Run with --info or --debug option to get more log output.
> Run with --scan to get full insights.
> Get more help at https://help.gradle.org.

Deprecated Gradle features were used in this build, making it incompatible with Gradle 9.0.

You can use '--warning-mode all' to show the individual deprecation warnings and determine if they come from your own scripts or plugins.

For more on this, please refer to https://docs.gradle.org/8.14/userguide/command_line_interface.html#sec:command_line_warnings in the Gradle documentation.

BUILD FAILED in 59m 48s
4 actionable tasks: 1 executed, 3 up-to-date
