
  .   ____          _            __ _ _
 /\\ / ___'_ __ _ _(_)_ __  __ _ \ \ \ \
( ( )\___ | '_ | '_| | '_ \/ _` | \ \ \ \
 \\/  ___)| |_)| | | | | || (_| |  ) ) ) )
  '  |____| .__|_| |_|_| |_\__, | / / / /
 =========|_|==============|___/=/_/_/_/
 :: Spring Boot ::                (v3.2.0)

2025-10-11 16:48:51 - Starting BackendApplication v0.0.1-SNAPSHOT using Java 21.0.7 with PID 15407 (/Users/leentj/IdeaProjects/life-cycle/build/libs/life-cycle-0.0.1-SNAPSHOT.jar started by leentj in /Users/leentj/IdeaProjects/life-cycle)
2025-10-11 16:48:51 - The following 1 profile is active: "prod"
2025-10-11 16:48:52 - Bootstrapping Spring Data JPA repositories in DEFAULT mode.
2025-10-11 16:48:52 - Finished Spring Data repository scanning in 38 ms. Found 10 JPA repository interfaces.
2025-10-11 16:48:52 - Tomcat initialized with port 8080 (http)
2025-10-11 16:48:52 - Starting service [Tomcat]
2025-10-11 16:48:52 - Starting Servlet engine: [Apache Tomcat/10.1.16]
2025-10-11 16:48:52 - Initializing Spring embedded WebApplicationContext
2025-10-11 16:48:52 - Root WebApplicationContext: initialization completed in 760 ms
2025-10-11 16:48:52 - HHH000204: Processing PersistenceUnitInfo [name: default]
2025-10-11 16:48:52 - HHH000412: Hibernate ORM core version 6.3.1.Final
2025-10-11 16:48:52 - HHH000026: Second-level cache disabled
2025-10-11 16:48:52 - No LoadTimeWeaver setup: ignoring JPA class transformer
2025-10-11 16:48:52 - HikariPool-1 - Starting...
2025-10-11 16:48:53 - HikariPool-1 - Added connection org.postgresql.jdbc.PgConnection@10a0d93a
2025-10-11 16:48:53 - HikariPool-1 - Start completed.
2025-10-11 16:48:53 - HHH90000025: PostgreSQLDialect does not need to be specified explicitly using 'hibernate.dialect' (remove the property setting and it will be selected by default)
2025-10-11 16:48:53 - HHH000489: No JTA platform available (set 'hibernate.transaction.jta.platform' to enable JTA platform integration)
2025-10-11 16:48:54 - Initialized JPA EntityManagerFactory for persistence unit 'default'
2025-10-11 16:48:54 - Tomcat started on port 8080 (http) with context path ''
2025-10-11 16:48:54 - Started BackendApplication in 3.261 seconds (process running for 3.518)
2025-10-11 16:48:55 - Initializing Spring DispatcherServlet 'dispatcherServlet'
2025-10-11 16:48:55 - Initializing Servlet 'dispatcherServlet'
2025-10-11 16:48:55 - Completed initialization in 1 ms
2025-10-11 16:48:55 - Init duration for springdoc-openapi is: 372 ms
2025-10-11 16:49:25 - Closing JPA EntityManagerFactory for persistence unit 'default'
2025-10-11 16:49:25 - HikariPool-1 - Shutdown initiated...
2025-10-11 16:49:25 - HikariPool-1 - Shutdown completed.
ator    : HHH000026: Second-level cache disabled
2025-10-11T16:48:52.756+09:00  INFO 15407 --- [life-cycle-backend] [main] o.s.o.j.p.SpringPersistenceUnitInfo      : No LoadTimeWeaver setup: ignoring JPA class transformer
2025-10-11T16:48:52.772+09:00  INFO 15407 --- [life-cycle-backend] [main] com.zaxxer.hikari.HikariDataSource       : HikariPool-1 - Starting...
2025-10-11T16:48:53.365+09:00  INFO 15407 --- [life-cycle-backend] [main] com.zaxxer.hikari.pool.HikariPool        : HikariPool-1 - Added connection org.postgresql.jdbc.PgConnection@10a0d93a
2025-10-11T16:48:53.366+09:00  INFO 15407 --- [life-cycle-backend] [main] com.zaxxer.hikari.HikariDataSource       : HikariPool-1 - Start completed.
2025-10-11T16:48:53.425+09:00  WARN 15407 --- [life-cycle-backend] [main] org.hibernate.orm.deprecation            : HHH90000025: PostgreSQLDialect does not need to be specified explicitly using 'hibernate.dialect' (remove the property setting and it will be selected by default)
2025-10-11T16:48:53.948+09:00  INFO 15407 --- [life-cycle-backend] [main] o.h.e.t.j.p.i.JtaPlatformInitiator       : HHH000489: No JTA platform available (set 'hibernate.transaction.jta.platform' to enable JTA platform integration)
2025-10-11T16:48:54.127+09:00  INFO 15407 --- [life-cycle-backend] [main] j.LocalContainerEntityManagerFactoryBean : Initialized JPA EntityManagerFactory for persistence unit 'default'
2025-10-11T16:48:54.703+09:00  INFO 15407 --- [life-cycle-backend] [main] o.s.b.w.embedded.tomcat.TomcatWebServer  : Tomcat started on port 8080 (http) with context path ''
2025-10-11T16:48:54.708+09:00  INFO 15407 --- [life-cycle-backend] [main] c.twothree.backend.BackendApplication    : Started BackendApplication in 3.261 seconds (process running for 3.518)
2025-10-11T16:48:55.275+09:00  INFO 15407 --- [life-cycle-backend] [http-nio-0.0.0.0-8080-exec-1] o.a.c.c.C.[Tomcat].[localhost].[/]       : Initializing Spring DispatcherServlet 'dispatcherServlet'
2025-10-11T16:48:55.275+09:00  INFO 15407 --- [life-cycle-backend] [http-nio-0.0.0.0-8080-exec-1] o.s.web.servlet.DispatcherServlet        : Initializing Servlet 'dispatcherServlet'
2025-10-11T16:48:55.276+09:00  INFO 15407 --- [life-cycle-backend] [http-nio-0.0.0.0-8080-exec-1] o.s.web.servlet.DispatcherServlet        : Completed initialization in 1 ms
2025-10-11T16:48:55.667+09:00  INFO 15407 --- [life-cycle-backend] [http-nio-0.0.0.0-8080-exec-1] o.springdoc.api.AbstractOpenApiResource  : Init duration for springdoc-openapi is: 372 ms
2025-10-11T16:49:25.055+09:00  INFO 15407 --- [life-cycle-backend] [SpringApplicationShutdownHook] j.LocalContainerEntityManagerFactoryBean : Closing JPA EntityManagerFactory for persistence unit 'default'
2025-10-11T16:49:25.056+09:00  INFO 15407 --- [life-cycle-backend] [SpringApplicationShutdownHook] com.zaxxer.hikari.HikariDataSource       : HikariPool-1 - Shutdown initiated...
2025-10-11T16:49:25.239+09:00  INFO 15407 --- [life-cycle-backend] [SpringApplicationShutdownHook] com.zaxxer.hikari.HikariDataSource       : HikariPool-1 - Shutdown completed.
